I (104) esp_image: segment 1: paddr=0007e4f8 vaddr=3fc95e00 sizeESP-ROM:esp32s3-20210327
Build:Mar 27 2021
rst:0x15 (USB_UART_CHIP_RESET),boot:0x8 (SPI_FAST_FLASH_BOOT)
Saved PC:0x40379bb6
SPIWP:0xee
mode:DIO, clock div:1
load:0x3fce2820,len:0x170c
load:0x403c8700,len:0x4
load:0x403c8704,len:0xe88
load:0x403cb700,len:0x316c
entry 0x403c894c
I (26) boot: ESP-IDF v5.4.4 2nd stage bootloader
I (27) boot: compile time Sep  8 2026 02:19:58
I (27) boot: Multicore bootloader
I (27) boot: chip revision: v0.2
I (28) boot: efuse block revision: v1.4
I (28) qio_mode: Enabling default flash chip QIO
I (29) boot.esp32s3: Boot SPI Speed : 80MHz
I (29) boot.esp32s3: SPI Mode       : QIO
I (30) boot.esp32s3: SPI Flash Size : 8MB
I (30) boot: Enabling RNG early entropy source...
I (31) boot: Partition Table:
I (31) boot: ## Label            Usage          Type ST Offset   Length
I (32) boot:  0 nvs              WiFi data        01 02 00009000 00006000
I (33) boot:  1 phy_init         RF data          01 01 0000f000 00001000
I (34) boot:  2 factory          factory app      00 00 00010000 00300000
I (35) boot: End of partition table
I (36) esp_image: segment 0: paddr=00010020 vaddr=3c020020 size=6e4d0h (451792) map
I (104) esp_image: segment 1: paddr=0007e4f8 vaddr=3fc95e00 size=01b20h (  6944) load
I (106) esp_image: segment 2: paddr=00080020 vaddr=42000020 size=180d4h ( 98516) map
I (122) esp_image: segment 3: paddr=000980fc vaddr=3fc97920 size=01858h (  6232) load
I (123) esp_image: segment 4: paddr=0009995c vaddr=40374000 size=11d8ch ( 73100) load
I (138) esp_image: segment 5: paddr=000ab6f0 vaddr=50000000 size=0001ch (    28) load
I (145) boot: Loaded app from partition at offset 0x10000
I (145) boot: Disabling RNG early entropy source...
I (147) octal_psram: vendor id    : 0x0d (AP)
I (147) octal_psram: dev id       : 0x02 (generation 3)
I (147) octal_psram: density      : 0x03 (64 Mbit)
I (148) octal_psram: good-die     : 0x01 (Pass)
I (148) octal_psram: Latency      : 0x01 (Fixed)
I (149) octal_psram: VCC          : 0x01 (3V)
I (149) octal_psram: SRF          : 0x01 (Fast Refresh)
I (150) octal_psram: BurstType    : 0x01 (Hybrid Wrap)
I (150) octal_psram: BurstLen     : 0x01 (32 Byte)
I (151) octal_psram: Readlatency  : 0x02 (10 cycles@Fixed)
I (151) octal_psram: DriveStrength: 0x00 (1/1)
I (152) MSPI Timing: PSRAM timing tuning index: 4
I (153) esp_psram: Found 8MB PSRAM device
I (153) esp_psram: Speed: 80MHz
I (154) cpu_start: Multicore app
I (580) esp_psram: SPI SRAM memory test OK
I (589) cpu_start: Pro cpu start user code
I (589) cpu_start: cpu freq: 240000000 Hz
I (589) app_init: Application information:
I (589) app_init: Project name:     roadweave_halow_link
I (590) app_init: App version:      a5f26f7
I (590) app_init: Compile time:     Sep  8 2026 02:19:36
I (591) app_init: ELF file SHA256:  c4006653a...
I (591) app_init: ESP-IDF:          v5.4.4
I (591) efuse_init: Min chip rev:     v0.0
I (592) efuse_init: Max chip rev:     v0.99
I (592) efuse_init: Chip rev:         v0.2
I (593) heap_init: Initializing. RAM available for dynamic allocation:
I (594) heap_init: At 3FC99B78 len 0004FB98 (318 KiB): RAM
I (594) heap_init: At 3FCE9710 len 00005724 (21 KiB): RAM
I (595) heap_init: At 3FCF0000 len 00008000 (32 KiB): DRAM
I (595) heap_init: At 600FE000 len 00001FE8 (7 KiB): RTCRAM
I (595) esp_psram: Adding pool of 8192K of PSRAM memory to heap allocator
I (596) spi_flash: detected chip: gd
I (596) spi_flash: flash io: qio
I (597) sleep_gpio: Configure to isolate all GPIO pins in sleep state
I (598) sleep_gpio: Enable automatic switching of GPIO sleep configuration
I (599) main_task: Started on CPU0
I (600) esp_psram: Reserving pool of 32K of internal memory for DMA/internal allocations
I (601) main_task: Calling app_main()
RW_LINK_ROLE=STA ESP32_MAC=44:b1:76:b0:57:1c PSRAM_BYTES=8388608
RW_LINK_RF=DISABLED; no radio firmware boot, scan, association or TX
I (1802) gpio: GPIO[1]| InputEn: 0| OutputEn: 1| OpenDrain: 0| Pullup: 0| Pulldown: 0| Intr:0
RW_LINK_FW_CONTAINER=PASS bytes_before_eof=399792 tlvs=22
RW_LINK_BCF_CONTAINER=PASS bytes_before_eof=536 tlvs=12
RW_LINK_FILES=PASS
I (1804) gpio: GPIO[4]| InputEn: 0| OutputEn: 1| OpenDrain: 0| Pullup: 0| Pulldown: 0| Intr:0
I (1805) gpio: GPIO[3]| InputEn: 1| OutputEn: 0| OpenDrain: 0| Pullup: 0| Pulldown: 0| Intr:0
RW_LINK_SPI=PASS chip_id=0x00000306 matched=100/100 ret=0
I (1899) gpio: GPIO[9]| InputEn: 0| OutputEn: 0| OpenDrain: 0| Pullup: 1| Pulldown: 0| Intr:0
I (1900) gpio: GPIO[8]| InputEn: 0| OutputEn: 0| OpenDrain: 0| Pullup: 1| Pulldown: 0| Intr:0
I (1901) gpio: GPIO[7]| InputEn: 0| OutputEn: 0| OpenDrain: 0| Pullup: 1| Pulldown: 0| Intr:0
RW_LINK_RESET_N=LOW; BUSY/WAKE not used for power save
RW_LINK_PREFLIGHT=PASS
RW_LINK_RADIO_RESULT=NOT_RUN
RW_LINK_DONE
