ESP-ROM:esp32s3-20210327
Build:Mar 27 2021
rst:0x15 (USB_UART_CHIP_RESET),boot:0x8 (SPI_FAST_FLASH_BOOT)
Saved PC:0x40041a79
SPIWP:0xee
mode:DIO, clock div:1
load:0x3fce2820,len:0x170c
load:0x403c8700,len:0x4
load:0x403c8704,len:0xe88
load:0x403cb700,len:0x316c
entry 0x403c894c
I (26) boot: ESP-IDF v5.4.4 2nd stage bootloader
I (27) boot: compile time Sep  8 2026 02:19:58
I (27) boot: Multicore bootloader
I (27) boot: chip revision: v0.2
I (28) boot: efuse block revision: v1.4
I (28) qio_mode: Enabling default flash chip QIO
I (29) boot.esp32s3: Boot SPI Speed : 80MHz
I (29) boot.esp32s3: SPI Mode       : QIO
I (29) boot.esp32s3: SPI Flash Size : 8MB
I (30) boot: Enabling RNG early entropy source...
I (30) boot: Partition Table:
I (30) boot: ## Label            Usage          Type ST Offset   Length
I (31) boot:  0 nvs              WiFi data        01 02 00009000 00006000
I (32) boot:  1 phy_init         RF data          01 01 0000f000 00001000
I (33) boot:  2 factory          factory app      00 00 00010000 00300000
I (34) boot: End of partition table
I (35) esp_image: segment 0: paddr=00010020 vaddr=3c020020 size=0d964h ( 55652) map
I (44) esp_image: segment 1: paddr=0001d98c vaddr=3fc95e00 size=0268ch (  9868) load
I (46) esp_image: segment 2: paddr=00020020 vaddr=42000020 size=1c16ch (115052) map
I (64) esp_image: segment 3: paddr=0003c194 vaddr=3fc9848c size=00cdch (  3292) load
I (65) esp_image: segment 4: paddr=0003ce78 vaddr=40374000 size=11dcch ( 73164) load
I (79) esp_image: segment 5: paddr=0004ec4c vaddr=50000000 size=0001ch (    28) load
I (87) boot: Loaded app from partition at offset 0x10000
I (87) boot: Disabling RNG early entropy source...
I (88) octal_psram: vendor id    : 0x0d (AP)
I (88) octal_psram: dev id       : 0x02 (generation 3)
I (89) octal_psram: density      : 0x03 (64 Mbit)
I (89) octal_psram: good-die     : 0x01 (Pass)
I (90) octal_psram: Latency      : 0x01 (Fixed)
I (90) octal_psram: VCC          : 0x01 (3V)
I (91) octal_psram: SRF          : 0x01 (Fast Refresh)
I (91) octal_psram: BurstType    : 0x01 (Hybrid Wrap)
I (92) octal_psram: BurstLen     : 0x01 (32 Byte)
I (92) octal_psram: Readlatency  : 0x02 (10 cycles@Fixed)
I (93) octal_psram: DriveStrength: 0x00 (1/1)
I (94) MSPI Timing: PSRAM timing tuning index: 4
I (94) esp_psram: Found 8MB PSRAM device
I (95) esp_psram: Speed: 80MHz
I (95) cpu_start: Multicore app
I (522) esp_psram: SPI SRAM memory test OK
I (530) cpu_start: Pro cpu start user code
I (530) cpu_start: cpu freq: 240000000 Hz
I (531) app_init: Application information:
I (531) app_init: Project name:     porting_assistant
I (531) app_init: App version:      3725b38-dirty
I (532) app_init: Compile time:     Sep  8 2026 01:19:35
I (532) app_init: ELF file SHA256:  38655c56e...
I (532) app_init: ESP-IDF:          v5.4.4
I (533) efuse_init: Min chip rev:     v0.0
I (533) efuse_init: Max chip rev:     v0.99
I (534) efuse_init: Chip rev:         v0.2
I (534) heap_init: Initializing. RAM available for dynamic allocation:
I (535) heap_init: At 3FC99F70 len 0004F7A0 (317 KiB): RAM
I (535) heap_init: At 3FCE9710 len 00005724 (21 KiB): RAM
I (535) heap_init: At 3FCF0000 len 00008000 (32 KiB): DRAM
I (536) heap_init: At 600FE000 len 00001FE8 (7 KiB): RTCRAM
I (536) esp_psram: Adding pool of 8192K of PSRAM memory to heap allocator
I (537) spi_flash: detected chip: gd
I (537) spi_flash: flash io: qio
I (538) sleep_gpio: Configure to isolate all GPIO pins in sleep state
I (538) sleep_gpio: Enable automatic switching of GPIO sleep configuration
I (539) main_task: Started on CPU0
I (540) esp_psram: Reserving pool of 32K of internal memory for DMA/internal allocations
I (541) main_task: Calling app_main()
ROADWEAVE_SPI_ONLY: no radio firmware load/start, no RF TX
Official XIAO/WM6180 pins; SPI2 mode 0, configured 40 MHz
I (2042) gpio: GPIO[1]| InputEn: 0| OutputEn: 1| OpenDrain: 0| Pullup: 0| Pulldown: 0| Intr:0
MM-IoT-SDK Porting Assistant
----------------------------
WLAN HAL initialisation                                      I (2044) gpio: GPIO[2]| InputEn: 0| OutputEn: 1| OpenDrain: 0| Pullup: 0| Pulldown: 0| Intr:0
I (2045) gpio: GPIO[4]| InputEn: 0| OutputEn: 1| OpenDrain: 0| Pullup: 0| Pulldown: 0| Intr:0
I (2046) gpio: GPIO[5]| InputEn: 1| OutputEn: 0| OpenDrain: 0| Pullup: 0| Pulldown: 1| Intr:0
I (2046) gpio: GPIO[3]| InputEn: 1| OutputEn: 0| OpenDrain: 0| Pullup: 0| Pulldown: 0| Intr:0
Hard reset device
SDIO/SPI Startup                                             [ PASS ]
Read chip id from the MM chip                                [ PASS ]
Detected mm6108 chip ID 0x00000306
100/100 repeated chip-ID reads matched (transport CRC checked)
Bulk write/read into the MM chip                             [ PASS ]
Raw throughput test                                          [ PASS ]
Note: This will not be the final WLAN TPUT. See test step for more info.
	Time spent (ms):   2501
	Transaction count: 786
	Bytes xferred:     2351712
	Raw TPUT (kbit/s): 7522
Verify BUSY pin                                              [ FAIL ]
MM6108 BUSY LOW: OE=0x00000001 (ret=0) OUT=0x00000000 (ret=0) host=0
MM6108 BUSY HIGH: OE=0x00000001 (ret=0) OUT=0x00000001 (ret=0) host=0
BUSY pin set HIGH but mmhal_wlan_busy_is_asserted() returned false (expected true)
GPIO snapshot: after SPI tests, before deinit
================IO DUMP Start================
IO[1] -
  Pullup: 0, Pulldown: 0, DriveCap: 2
  InputEn: 0, OutputEn: [periph_sig_ctrl], OpenDrain: 0
  FuncSel: 1 (GPIO)
  GPIO Matrix SigOut ID: 256 (simple GPIO output)
  SleepSelEn: 1
IO[2] -
  Pullup: 0, Pulldown: 0, DriveCap: 2
  InputEn: 0, OutputEn: [periph_sig_ctrl], OpenDrain: 0
  FuncSel: 1 (GPIO)
  GPIO Matrix SigOut ID: 256 (simple GPIO output)
  SleepSelEn: 1
IO[3] -
  Pullup: 0, Pulldown: 0, DriveCap: 2
  InputEn: 1, OutputEn: 0, OpenDrain: 0
  FuncSel: 1 (GPIO)
  GPIO Matrix SigOut ID: 256 (simple GPIO output)
  GPIO Matrix SigIn ID: (simple GPIO input)
  SleepSelEn: 1
IO[4] -
  Pullup: 0, Pulldown: 0, DriveCap: 2
  InputEn: 0, OutputEn: [periph_sig_ctrl], OpenDrain: 0
  FuncSel: 1 (GPIO)
  GPIO Matrix SigOut ID: 256 (simple GPIO output)
  SleepSelEn: 1
IO[5] -
  Pullup: 0, Pulldown: 1, DriveCap: 2
  InputEn: 1, OutputEn: 0, OpenDrain: 0
  FuncSel: 1 (GPIO)
  GPIO Matrix SigOut ID: 256 (simple GPIO output)
  GPIO Matrix SigIn ID: (simple GPIO input)
  SleepSelEn: 1
IO[7] -
  Pullup: 0, Pulldown: 0, DriveCap: 2
  InputEn: 1, OutputEn: [periph_sig_ctrl], OpenDrain: 0
  FuncSel: 1 (GPIO)
  GPIO Matrix SigOut ID: 101
  GPIO Matrix SigIn ID: 101
  SleepSelEn: 1
IO[8] -
  Pullup: 0, Pulldown: 0, DriveCap: 2
  InputEn: 1, OutputEn: [periph_sig_ctrl], OpenDrain: 0
  FuncSel: 1 (GPIO)
  GPIO Matrix SigOut ID: 102
  GPIO Matrix SigIn ID: 102
  SleepSelEn: 1
IO[9] -
  Pullup: 0, Pulldown: 0, DriveCap: 2
  InputEn: 1, OutputEn: [periph_sig_ctrl], OpenDrain: 0
  FuncSel: 1 (GPIO)
  GPIO Matrix SigOut ID: 103
  GPIO Matrix SigIn ID: 103
  SleepSelEn: 1
=================IO DUMP End=================
Input samples: BUSY=0 IRQ=1 MISO=1; output latch=0x00000012
7 total test steps. 4 passed, 1 failed, 2 no result, 0 skipped
I (4678) gpio: GPIO[9]| InputEn: 0| OutputEn: 0| OpenDrain: 0| Pullup: 1| Pulldown: 0| Intr:0
I (4678) gpio: GPIO[8]| InputEn: 0| OutputEn: 0| OpenDrain: 0| Pullup: 1| Pulldown: 0| Intr:0
I (4679) gpio: GPIO[7]| InputEn: 0| OutputEn: 0| OpenDrain: 0| Pullup: 1| Pulldown: 0| Intr:0
WM6180 held in reset after test
ROADWEAVE_SPI_RESULT=PASS
ROADWEAVE_BUSY_RESULT=FAIL_OR_SKIPPED
ROADWEAVE_SPI_DONE
