ESP-ROM:esp32s3-20210327
Build:Mar 27 2021
rst:0x15 (USB_UART_CHIP_RESET),boot:0x8 (SPI_FAST_FLASH_BOOT)
Saved PC:0x40377fc2
SPIWP:0xee
mode:DIO, clock div:1
load:0x3fce2820,len:0x170c
load:0x403c8700,len:0x4
load:0x403c8704,len:0xe88
load:0x403cb700,len:0x316c
entry 0x403c894c
I (26) boot: ESP-IDF v5.4.4 2nd stage bootloader
I (27) boot: compile time Sep  6 2026 18:02:34
I (27) boot: Multicore bootloader
I (27) boot: chip revision: v0.2
I (28) boot: efuse block revision: v1.4
I (28) qio_mode: Enabling default flash chip QIO
I (28) boot.esp32s3: Boot SPI Speed : 80MHz
I (29) boot.esp32s3: SPI Mode       : QIO
I (29) boot.esp32s3: SPI Flash Size : 8MB
I (30) boot: Enabling RNG early entropy source...
I (30) boot: Partition Table:
I (30) boot: ## Label            Usage          Type ST Offset   Length
I (31) boot:  0 nvs              WiFi data        01 02 00009000 00006000
I (32) boot:  1 phy_init         RF data          01 01 0000f000 00001000
I (33) boot:  2 factory          factory app      00 00 00010000 00100000
I (34) boot: End of partition table
I (35) esp_image: segment 0: paddr=00010020 vaddr=3c010020 size=09164h ( 37220) map
I (41) esp_image: segment 1: paddr=0001918c vaddr=3fc91800 size=03044h ( 12356) load
I (44) esp_image: segment 2: paddr=0001c1d8 vaddr=40374000 size=03e40h ( 15936) load
I (47) esp_image: segment 3: paddr=00020020 vaddr=42000020 size=0f7e8h ( 63464) map
I (57) esp_image: segment 4: paddr=0002f810 vaddr=40377e40 size=09954h ( 39252) load
I (65) esp_image: segment 5: paddr=0003916c vaddr=50000000 size=0001ch (    28) load
I (71) boot: Loaded app from partition at offset 0x10000
I (71) boot: Disabling RNG early entropy source...
I (72) octal_psram: vendor id    : 0x0d (AP)
I (72) octal_psram: dev id       : 0x02 (generation 3)
I (73) octal_psram: density      : 0x03 (64 Mbit)
I (73) octal_psram: good-die     : 0x01 (Pass)
I (74) octal_psram: Latency      : 0x01 (Fixed)
I (74) octal_psram: VCC          : 0x01 (3V)
I (75) octal_psram: SRF          : 0x01 (Fast Refresh)
I (75) octal_psram: BurstType    : 0x01 (Hybrid Wrap)
I (76) octal_psram: BurstLen     : 0x01 (32 Byte)
I (76) octal_psram: Readlatency  : 0x02 (10 cycles@Fixed)
I (77) octal_psram: DriveStrength: 0x00 (1/1)
I (78) MSPI Timing: PSRAM timing tuning index: 5
I (78) esp_psram: Found 8MB PSRAM device
I (78) esp_psram: Speed: 80MHz
I (79) cpu_start: Multicore app
I (502) esp_psram: SPI SRAM memory test OK
I (511) cpu_start: Pro cpu start user code
I (511) cpu_start: cpu freq: 240000000 Hz
I (511) app_init: Application information:
I (511) app_init: Project name:     roadweave
I (511) app_init: App version:      03d92e3-dirty
I (512) app_init: Compile time:     Sep  6 2026 18:02:15
I (512) app_init: ELF file SHA256:  a9fbb1b18...
I (512) app_init: ESP-IDF:          v5.4.4
I (513) efuse_init: Min chip rev:     v0.0
I (513) efuse_init: Max chip rev:     v0.99
I (513) efuse_init: Chip rev:         v0.2
I (514) heap_init: Initializing. RAM available for dynamic allocation:
I (514) heap_init: At 3FC95150 len 000545C0 (337 KiB): RAM
I (514) heap_init: At 3FCE9710 len 00005724 (21 KiB): RAM
I (515) heap_init: At 3FCF0000 len 00008000 (32 KiB): DRAM
I (515) heap_init: At 600FE000 len 00001FE8 (7 KiB): RTCRAM
I (516) esp_psram: Adding pool of 8192K of PSRAM memory to heap allocator
I (517) spi_flash: detected chip: gd
I (517) spi_flash: flash io: qio
I (518) sleep_gpio: Configure to isolate all GPIO pins in sleep state
I (518) sleep_gpio: Enable automatic switching of GPIO sleep configuration
I (519) main_task: Started on CPU0
I (529) esp_psram: Reserving pool of 32K of internal memory for DMA/internal allocations
I (529) main_task: Calling app_main()
I (529) roadweave: RoadWeave P0-A XIAO board smoke test
I (529) roadweave: ESP-IDF: v5.4.4
I (529) roadweave: Chip: model=9 cores=2 revision=2
I (529) roadweave: Internal heap: free=8745096 minimum=8745096 bytes
I (529) roadweave: Flash: 8388608 bytes (8 MiB)
I (529) roadweave: PSRAM: initialized=yes physical=8388608 bytes heap_total=8388608 bytes free=8386188 bytes
I (529) roadweave: P0A_XIAO_SMOKE=PASS
W (529) roadweave: HALOW_TX=DISABLED: this firmware does not initialize WM6180/MM6108
