ESP-ROM:esp32s3-20210327
Build:Mar 27 2021
rst:0x15 (USB_UART_CHIP_RESET),boot:0x2b (SPI_FAST_FLASH_BOOT)
Saved PC:0x40041a76
SPIWP:0xee
mode:DIO, clock div:1
load:0x3fce2820,len:0x170c
load:0x403c8700,len:0x4
load:0x403c8704,len:0xe88
load:0x403cb700,len:0x316c
entry 0x403c894c
I (26) boot: ESP-IDF v5.4.4 2nd stage bootloader
I (27) boot: compile time Sep  8 2026 02:18:59
I (27) boot: Multicore bootloader
I (28) boot: chip revision: v0.2
I (28) boot: efuse block revision: v1.4
I (29) qio_mode: Enabling default flash chip QIO
I (29) boot.esp32s3: Boot SPI Speed : 80MHz
I (30) boot.esp32s3: SPI Mode       : QIO
I (30) boot.esp32s3: SPI Flash Size : 8MB
I (31) boot: Enabling RNG early entropy source...
I (31) boot: Partition Table:
I (32) boot: ## Label            Usage          Type ST Offset   Length
I (33) boot:  0 nvs              WiFi data        01 02 00009000 00006000
I (34) boot:  1 phy_init         RF data          01 01 0000f000 00001000
I (35) boot:  2 factory          factory app      00 00 00010000 00300000
I (36) boot: End of partition table
I (36) esp_image: segment 0: paddr=00010020 vaddr=3c0b0020 size=9ddach (646572) map
I (133) esp_image: segment 1: paddr=000addd4 vaddr=3fc97200 size=02244h (  8772) load
I (135) esp_image: segment 2: paddr=000b0020 vaddr=42000020 size=acf40h (708416) map
I (241) esp_image: segment 3: paddr=0015cf68 vaddr=3fc99444 size=01510h (  5392) load
I (242) esp_image: segment 4: paddr=0015e480 vaddr=40374000 size=1312ch ( 78124) load
I (257) esp_image: segment 5: paddr=001715b4 vaddr=50000000 size=0001ch (    28) load
I (265) boot: Loaded app from partition at offset 0x10000
I (265) boot: Disabling RNG early entropy source...
I (266) octal_psram: vendor id    : 0x0d (AP)
I (267) octal_psram: dev id       : 0x02 (generation 3)
I (267) octal_psram: density      : 0x03 (64 Mbit)
I (268) octal_psram: good-die     : 0x01 (Pass)
I (268) octal_psram: Latency      : 0x01 (Fixed)
I (269) octal_psram: VCC          : 0x01 (3V)
I (269) octal_psram: SRF          : 0x01 (Fast Refresh)
I (270) octal_psram: BurstType    : 0x01 (Hybrid Wrap)
I (270) octal_psram: BurstLen     : 0x01 (32 Byte)
I (271) octal_psram: Readlatency  : 0x02 (10 cycles@Fixed)
I (271) octal_psram: DriveStrength: 0x00 (1/1)
I (272) MSPI Timing: PSRAM timing tuning index: 5
I (272) esp_psram: Found 8MB PSRAM device
I (273) esp_psram: Speed: 80MHz
I (274) cpu_start: Multicore app
I (707) esp_psram: SPI SRAM memory test OK
I (715) cpu_start: Pro cpu start user code
I (715) cpu_start: cpu freq: 240000000 Hz
I (715) app_init: Application information:
I (716) app_init: Project name:     roadweave_halow_link
I (716) app_init: App version:      a5f26f7
I (717) app_init: Compile time:     Sep  8 2026 02:26:32
I (717) app_init: ELF file SHA256:  1b701eac9...
I (717) app_init: ESP-IDF:          v5.4.4
I (718) efuse_init: Min chip rev:     v0.0
I (718) efuse_init: Max chip rev:     v0.99
I (719) efuse_init: Chip rev:         v0.2
I (719) heap_init: Initializing. RAM available for dynamic allocation:
I (720) heap_init: At 3FC9E378 len 0004B398 (300 KiB): RAM
I (720) heap_init: At 3FCE9710 len 00005724 (21 KiB): RAM
I (720) heap_init: At 3FCF0000 len 00008000 (32 KiB): DRAM
I (721) heap_init: At 600FE000 len 00001FE8 (7 KiB): RTCRAM
I (721) esp_psram: Adding pool of 8192K of PSRAM memory to heap allocator
I (722) spi_flash: detected chip: gd
I (722) spi_flash: flash io: qio
I (723) sleep_gpio: Configure to isolate all GPIO pins in sleep state
I (724) sleep_gpio: Enable automatic switching of GPIO sleep configuration
I (725) main_task: Started on CPU0
I (726) esp_psram: Reserving pool of 32K of internal memory for DMA/internal allocations
I (727) main_task: Calling app_main()
RW_LINK_ROLE=AP ESP32_MAC=44:b1:76:b0:57:20 PSRAM_BYTES=8388608
RW_LINK_RF=ENABLED
I (1941) gpio: GPIO[1]| InputEn: 0| OutputEn: 1| OpenDrain: 0| Pullup: 0| Pulldown: 0| Intr:0
I (1942) Morse Micro HaLow NetIF: Setting Channel List US
I (1943) gpio: GPIO[4]| InputEn: 0| OutputEn: 1| OpenDrain: 0| Pullup: 0| Pulldown: 0| Intr:0
I (1943) gpio: GPIO[3]| InputEn: 1| OutputEn: 0| OpenDrain: 0| Pullup: 0| Pulldown: 0| Intr:0
I (2450) Morse Micro HaLow NetIF: -----------------------------------
I (2451) Morse Micro HaLow NetIF:   BCF API version:         8.0.0
I (2452) Morse Micro HaLow NetIF:   BCF build version:       6b00e4d 2031952_Modified _Modif
I (2452) Morse Micro HaLow NetIF:   BCF board description:   mf16858
I (2453) Morse Micro HaLow NetIF:   Morselib version:        2.11.2
I (2453) Morse Micro HaLow NetIF:   Morse firmware version:  1.17.8
I (2454) Morse Micro HaLow NetIF:   Morse chip ID:           0x0306
I (2455) Morse Micro HaLow NetIF: -----------------------------------
I (2456) Morse Micro HaLow NetIF: Wi-Fi MAC address: 3c:22:7f:71:df:07
RW_LINK_RADIO_CONFIG country=US channel=3 opclass=1 max_tx_dbm=1 psk=REDACTED
RW_LINK_IP=192.168.50.1
RW_LINK_AP_READY ip=192.168.50.1 port=3333 window_s=120
E    61732 ti mmwlan_tx_pkt[1253] Unable to infer VIF ID
E (62457) Morse Micro HaLow NetIF: Packet failed to send - 12
E   121732 ti mmwlan_tx_pkt[1253] Unable to infer VIF ID
E (122457) Morse Micro HaLow NetIF: Packet failed to send - 12
RW_LINK_AP_ECHOED=0; end-to-end result is reported by STA
I (124188) gpio: GPIO[9]| InputEn: 0| OutputEn: 0| OpenDrain: 0| Pullup: 1| Pulldown: 0| Intr:0
I (124188) gpio: GPIO[8]| InputEn: 0| OutputEn: 0| OpenDrain: 0| Pullup: 1| Pulldown: 0| Intr:0
I (124189) gpio: GPIO[7]| InputEn: 0| OutputEn: 0| OpenDrain: 0| Pullup: 1| Pulldown: 0| Intr:0
RW_LINK_RADIO_SHUTDOWN
RW_LINK_RADIO_RESULT=FAIL
RW_LINK_DONE
I (124210) main_task: Returned from app_main()
